length ascii [5]
length greek [9]
length mixed [17]
count mixed [17]
substring greek [δέλτα]
substring emoji [🦫!]
reverse [!🦫 語本日 éfac evïan]
upper bound substring [bc]
empty substring []
split [a||b|c|]
split multi [one|two||three]
split empty delim [a|b|c]
split unicode [naïve|café|日本語|🦫!]
replace [bANANa]
replace empty target [abc]
replace grows [aaaaaa]
trim [spaced out]
contains [true true]
code points [97,233,26085,129451,none]
from code point [🦫<none><none>]
escapes [tab	here "quoted" back/slash]
text eq [true]
text neq [false]
caesar [Khoor, Zöuog!]
caesar back [Hello, Wörld!]
tally [to=2 be=2 or=1 not=1]
long length [10000]
long replace [5000]
write [ok]
append [ok]
read lines [5]
second line [líne two 日本]
round trip [true]
size [40]
bytes [40 first 108]
delete [false]
read deleted [not found dogfood_text_io.tmp]
missing dir [NotFound /definitely/not/here.txt]
env [unset]
env roundtrip [hé]
