item#0
item#7
item#14
item#21
item#
a literal long enough to live in a buffer of its own, well past seventy bytes #0
a literal long enough to live in a buffer of its own, well past seventy bytes #7
a literal long enough to live in a buffer of its own, well past seventy bytes #14
a literal long enough to live in a buffer of its own, well past seventy bytes #21
a literal long enough to live in a buffer of its own, well past seventy bytes #
