small: total 5.85 EUR
too much bread: out of stock B2
cheese: out of stock C3
mystery: unknown Z9
catalog: Apple, Bread, Cheese, Dates
expensive: Cheese@7.50 EUR, Dates@4.05 EUR
in stock: 3
1.05 USD
-3.07 EUR
120000 JPY
equal prices: true
scaled: 1.49 EUR
checked map: 42
checked unwrap default: -1
local item A1 x2
